Archive member included to satisfy reference by file (symbol)

C:/ProgramData/MATLAB/SupportPackages/R2024b/3P.instrset/gnuarm-armcortex.instrset/win/bin/../lib/gcc/arm-none-eabi/13.2.1/thumb/v7e-m+fp/hard\libgcc.a(_arm_addsubdf3.o)
                              motor_control.o (__aeabi_dsub)
C:/ProgramData/MATLAB/SupportPackages/R2024b/3P.instrset/gnuarm-armcortex.instrset/win/bin/../lib/gcc/arm-none-eabi/13.2.1/thumb/v7e-m+fp/hard\libgcc.a(_arm_cmpdf2.o)
                              motor_control.o (__aeabi_dcmpeq)
C:/ProgramData/MATLAB/SupportPackages/R2024b/3P.instrset/gnuarm-armcortex.instrset/win/bin/../lib/gcc/arm-none-eabi/13.2.1/thumb/v7e-m+fp/hard\libgcc.a(_arm_fixdfsi.o)
                              motor_control.o (__aeabi_d2iz)
C:/ProgramData/MATLAB/SupportPackages/R2024b/3P.instrset/gnuarm-armcortex.instrset/win/bin/../lib/gcc/arm-none-eabi/13.2.1/thumb/v7e-m+fp/hard\libgcc.a(_aeabi_uldivmod.o)
                              stm32f4xx_hal_rcc.o (__aeabi_uldivmod)
C:/ProgramData/MATLAB/SupportPackages/R2024b/3P.instrset/gnuarm-armcortex.instrset/win/bin/../lib/gcc/arm-none-eabi/13.2.1/thumb/v7e-m+fp/hard\libgcc.a(_udivmoddi4.o)
                              C:/ProgramData/MATLAB/SupportPackages/R2024b/3P.instrset/gnuarm-armcortex.instrset/win/bin/../lib/gcc/arm-none-eabi/13.2.1/thumb/v7e-m+fp/hard\libgcc.a(_aeabi_uldivmod.o) (__udivmoddi4)
C:/ProgramData/MATLAB/SupportPackages/R2024b/3P.instrset/gnuarm-armcortex.instrset/win/bin/../lib/gcc/arm-none-eabi/13.2.1/thumb/v7e-m+fp/hard\libgcc.a(_dvmd_tls.o)
                              C:/ProgramData/MATLAB/SupportPackages/R2024b/3P.instrset/gnuarm-armcortex.instrset/win/bin/../lib/gcc/arm-none-eabi/13.2.1/thumb/v7e-m+fp/hard\libgcc.a(_aeabi_uldivmod.o) (__aeabi_ldiv0)
C:/ProgramData/MATLAB/SupportPackages/R2024b/3P.instrset/gnuarm-armcortex.instrset/win/bin/../lib/gcc/arm-none-eabi/13.2.1/thumb/v7e-m+fp/hard\libc_nano.a(libc_a-exit.o)
                              C:/ProgramData/MATLAB/SupportPackages/R2024b/3P.instrset/gnuarm-armcortex.instrset/win/bin/../lib/gcc/arm-none-eabi/13.2.1/thumb/v7e-m+fp/hard/crt0.o (exit)
C:/ProgramData/MATLAB/SupportPackages/R2024b/3P.instrset/gnuarm-armcortex.instrset/win/bin/../lib/gcc/arm-none-eabi/13.2.1/thumb/v7e-m+fp/hard\libc_nano.a(libc_a-findfp.o)
                              tasks.o (__sf)
C:/ProgramData/MATLAB/SupportPackages/R2024b/3P.instrset/gnuarm-armcortex.instrset/win/bin/../lib/gcc/arm-none-eabi/13.2.1/thumb/v7e-m+fp/hard\libc_nano.a(libc_a-fwalk.o)
                              C:/ProgramData/MATLAB/SupportPackages/R2024b/3P.instrset/gnuarm-armcortex.instrset/win/bin/../lib/gcc/arm-none-eabi/13.2.1/thumb/v7e-m+fp/hard\libc_nano.a(libc_a-findfp.o) (_fwalk_sglue)
C:/ProgramData/MATLAB/SupportPackages/R2024b/3P.instrset/gnuarm-armcortex.instrset/win/bin/../lib/gcc/arm-none-eabi/13.2.1/thumb/v7e-m+fp/hard\libc_nano.a(libc_a-stdio.o)
                              C:/ProgramData/MATLAB/SupportPackages/R2024b/3P.instrset/gnuarm-armcortex.instrset/win/bin/../lib/gcc/arm-none-eabi/13.2.1/thumb/v7e-m+fp/hard\libc_nano.a(libc_a-findfp.o) (__sread)
C:/ProgramData/MATLAB/SupportPackages/R2024b/3P.instrset/gnuarm-armcortex.instrset/win/bin/../lib/gcc/arm-none-eabi/13.2.1/thumb/v7e-m+fp/hard\libc_nano.a(libc_a-memset.o)
                              C:/ProgramData/MATLAB/SupportPackages/R2024b/3P.instrset/gnuarm-armcortex.instrset/win/bin/../lib/gcc/arm-none-eabi/13.2.1/thumb/v7e-m+fp/hard/crt0.o (memset)
C:/ProgramData/MATLAB/SupportPackages/R2024b/3P.instrset/gnuarm-armcortex.instrset/win/bin/../lib/gcc/arm-none-eabi/13.2.1/thumb/v7e-m+fp/hard\libc_nano.a(libc_a-closer.o)
                              C:/ProgramData/MATLAB/SupportPackages/R2024b/3P.instrset/gnuarm-armcortex.instrset/win/bin/../lib/gcc/arm-none-eabi/13.2.1/thumb/v7e-m+fp/hard\libc_nano.a(libc_a-stdio.o) (_close_r)
C:/ProgramData/MATLAB/SupportPackages/R2024b/3P.instrset/gnuarm-armcortex.instrset/win/bin/../lib/gcc/arm-none-eabi/13.2.1/thumb/v7e-m+fp/hard\libc_nano.a(libc_a-reent.o)
                              tasks.o (_reclaim_reent)
C:/ProgramData/MATLAB/SupportPackages/R2024b/3P.instrset/gnuarm-armcortex.instrset/win/bin/../lib/gcc/arm-none-eabi/13.2.1/thumb/v7e-m+fp/hard\libc_nano.a(libc_a-impure.o)
                              tasks.o (_impure_ptr)
C:/ProgramData/MATLAB/SupportPackages/R2024b/3P.instrset/gnuarm-armcortex.instrset/win/bin/../lib/gcc/arm-none-eabi/13.2.1/thumb/v7e-m+fp/hard\libc_nano.a(libc_a-lseekr.o)
                              C:/ProgramData/MATLAB/SupportPackages/R2024b/3P.instrset/gnuarm-armcortex.instrset/win/bin/../lib/gcc/arm-none-eabi/13.2.1/thumb/v7e-m+fp/hard\libc_nano.a(libc_a-stdio.o) (_lseek_r)
C:/ProgramData/MATLAB/SupportPackages/R2024b/3P.instrset/gnuarm-armcortex.instrset/win/bin/../lib/gcc/arm-none-eabi/13.2.1/thumb/v7e-m+fp/hard\libc_nano.a(libc_a-readr.o)
[...]
Memory Configuration

Name             Origin             Length             Attributes
RAM              0x20000000         0x00020000         xrw
FLASH            0x08000000         0x00080000         xr
*default*        0x00000000         0xffffffff

Linker script and memory map

LOAD C:/ProgramData/MATLAB/SupportPackages/R2024b/3P.instrset/gnuarm-armcortex.instrset/win/bin/../lib/gcc/arm-none-eabi/13.2.1/thumb/v7e-m+fp/hard/crti.o
LOAD C:/ProgramData/MATLAB/SupportPackages/R2024b/3P.instrset/gnuarm-armcortex.instrset/win/bin/../lib/gcc/arm-none-eabi/13.2.1/thumb/v7e-m+fp/hard/crtbegin.o
LOAD C:/ProgramData/MATLAB/SupportPackages/R2024b/3P.instrset/gnuarm-armcortex.instrset/win/bin/../lib/gcc/arm-none-eabi/13.2.1/thumb/v7e-m+fp/hard/crt0.o
LOAD mw_stm32_nvic.o
LOAD ert_main.o
LOAD motor_control.o
LOAD motor_control_data.o
LOAD overrideHALDelay.o
LOAD platform_timer.o
LOAD mw_freertos_init.o
LOAD mw_thread.o
LOAD mw_timer.o
LOAD mw_semaphore.o
LOAD main.o
LOAD freertos.o
LOAD stm32f4xx_it.o
LOAD stm32f4xx_hal_msp.o
LOAD stm32f4xx_hal_timebase_tim.o
LOAD stm32f4xx_ll_gpio.o
LOAD stm32f4xx_ll_dma.o
LOAD stm32f4xx_ll_rcc.o
LOAD stm32f4xx_ll_utils.o
LOAD stm32f4xx_ll_exti.o
LOAD stm32f4xx_hal_rcc.o
LOAD stm32f4xx_hal_rcc_ex.o
LOAD stm32f4xx_hal_flash.o
LOAD stm32f4xx_hal_flash_ex.o
LOAD stm32f4xx_hal_flash_ramfunc.o
LOAD stm32f4xx_hal_gpio.o
LOAD stm32f4xx_hal_dma_ex.o
LOAD stm32f4xx_hal_dma.o
LOAD stm32f4xx_hal_pwr.o
LOAD stm32f4xx_hal_pwr_ex.o
LOAD stm32f4xx_hal_cortex.o
LOAD stm32f4xx_hal.o
LOAD stm32f4xx_hal_exti.o
LOAD stm32f4xx_hal_tim.o
LOAD stm32f4xx_hal_tim_ex.o
LOAD stm32f4xx_ll_usart.o
LOAD croutine.o
LOAD event_groups.o
LOAD list.o
LOAD queue.o
LOAD stream_buffer.o
LOAD tasks.o
LOAD timers.o
LOAD cmsis_os2.o
LOAD heap_4.o
LOAD port.o
LOAD system_stm32f4xx.o
LOAD syscalls.o
LOAD sysmem.o
LOAD startup_stm32f446retx.o
LOAD C:/ProgramData/MATLAB/SupportPackages/R2024b/3P.instrset/cmsis_dsp.instrset/Lib/GCC/arm_cortexm4ldfsp_math/libCMSISDSP.a
LOAD C:/ProgramData/MATLAB/SupportPackages/R2024b/toolbox/shared/supportpackages/stm32/lib/GCC/libmw_pdmfilter_m4_spfp.lib
LOAD C:/ProgramData/MATLAB/SupportPackages/R2024b/3P.instrset/gnuarm-armcortex.instrset/win/bin/../lib/gcc/arm-none-eabi/13.2.1/thumb/v7e-m+fp/hard\libstdc++_nano.a
LOAD C:/ProgramData/MATLAB/SupportPackages/R2024b/3P.instrset/gnuarm-armcortex.instrset/win/bin/../lib/gcc/arm-none-eabi/13.2.1/thumb/v7e-m+fp/hard\libm.a
START GROUP
LOAD C:/ProgramData/MATLAB/SupportPackages/R2024b/3P.instrset/gnuarm-armcortex.instrset/win/bin/../lib/gcc/arm-none-eabi/13.2.1/thumb/v7e-m+fp/hard\libgcc.a
LOAD C:/ProgramData/MATLAB/SupportPackages/R2024b/3P.instrset/gnuarm-armcortex.instrset/win/bin/../lib/gcc/arm-none-eabi/13.2.1/thumb/v7e-m+fp/hard\libc_nano.a
END GROUP
START GROUP
LOAD C:/ProgramData/MATLAB/SupportPackages/R2024b/3P.instrset/gnuarm-armcortex.instrset/win/bin/../lib/gcc/arm-none-eabi/13.2.1/thumb/v7e-m+fp/hard\libgcc.a
LOAD C:/ProgramData/MATLAB/SupportPackages/R2024b/3P.instrset/gnuarm-armcortex.instrset/win/bin/../lib/gcc/arm-none-eabi/13.2.1/thumb/v7e-m+fp/hard\libc_nano.a
LOAD C:/ProgramData/MATLAB/SupportPackages/R2024b/3P.instrset/gnuarm-armcortex.instrset/win/bin/../lib/gcc/arm-none-eabi/13.2.1/thumb/v7e-m+fp/hard\libnosys.a
END GROUP
START GROUP
LOAD C:/ProgramData/MATLAB/SupportPackages/R2024b/3P.instrset/gnuarm-armcortex.instrset/win/bin/../lib/gcc/arm-none-eabi/13.2.1/thumb/v7e-m+fp/hard\libgcc.a
LOAD C:/ProgramData/MATLAB/SupportPackages/R2024b/3P.instrset/gnuarm-armcortex.instrset/win/bin/../lib/gcc/arm-none-eabi/13.2.1/thumb/v7e-m+fp/hard\libc_nano.a
LOAD C:/ProgramData/MATLAB/SupportPackages/R2024b/3P.instrset/gnuarm-armcortex.instrset/win/bin/../lib/gcc/arm-none-eabi/13.2.1/thumb/v7e-m+fp/hard\libnosys.a
END GROUP
LOAD C:/ProgramData/MATLAB/SupportPackages/R2024b/3P.instrset/gnuarm-armcortex.instrset/win/bin/../lib/gcc/arm-none-eabi/13.2.1/thumb/v7e-m+fp/hard/crtend.o
LOAD C:/ProgramData/MATLAB/SupportPackages/R2024b/3P.instrset/gnuarm-armcortex.instrset/win/bin/../lib/gcc/arm-none-eabi/13.2.1/thumb/v7e-m+fp/hard/crtn.o
                0x20020000                        _estack = (ORIGIN (RAM) + LENGTH (RAM))
                0x00000200                        _Min_Heap_Size = 0x200
                0x00000400                        _Min_Stack_Size = 0x400

.isr_vector     0x08000000      0x1c4
                0x08000000                        . = ALIGN (0x4)
 *(.isr_vector)
 .isr_vector    0x08000000      0x1c4 startup_stm32f446retx.o
                0x08000000                g_pfnVectors
                0x080001c4                        . = ALIGN (0x4)

.text           0x080001d0     0x6c88
                0x080001d0                        . = ALIGN (0x4)
 *(.text)
 .text          0x080001d0      0x378 C:/ProgramData/MATLAB/SupportPackages/R2024b/3P.instrset/gnuarm-armcortex.instrset/win/bin/../lib/gcc/arm-none-eabi/13.2.1/thumb/v7e-m+fp/hard\libgcc.a(_arm_addsubdf3.o)
                0x080001d0                __aeabi_drsub
                0x080001d8                __aeabi_dsub
                0x080001d8                __subdf3
                0x080001dc                __aeabi_dadd
                0x080001dc                __adddf3
                0x08000454                __floatunsidf
                0x08000454                __aeabi_ui2d
                0x08000474                __floatsidf
                0x08000474                __aeabi_i2d
                0x08000498                __aeabi_f2d
                0x08000498                __extendsfdf2
                0x080004dc                __floatundidf
                0x080004dc                __aeabi_ul2d
                0x080004ec                __floatdidf
                0x080004ec                __aeabi_l2d
 .text          0x08000548      0x110 C:/ProgramData/MATLAB/SupportPackages/R2024b/3P.instrset/gnuarm-armcortex.instrset/win/bin/../lib/gcc/arm-none-eabi/13.2.1/thumb/v7e-m+fp/hard\libgcc.a(_arm_cmpdf2.o)
                0x08000548                __gtdf2
                0x08000548                __gedf2
                0x08000550                __ltdf2
                0x08000550                __ledf2
                0x08000558                __nedf2
                0x08000558                __eqdf2
                0x08000558                __cmpdf2
                0x080005d4                __aeabi_cdrcmple
                0x080005e4                __aeabi_cdcmpeq
                0x080005e4                __aeabi_cdcmple
                0x080005f4                __aeabi_dcmpeq
                0x08000608                __aeabi_dcmplt
                0x0800061c                __aeabi_dcmple
                0x08000630                __aeabi_dcmpge
                0x08000644                __aeabi_dcmpgt
 .text          0x08000658       0x50 C:/ProgramData/MATLAB/SupportPackages/R2024b/3P.instrset/gnuarm-armcortex.instrset/win/bin/../lib/gcc/arm-none-eabi/13.2.1/thumb/v7e-m+fp/hard\libgcc.a(_arm_fixdfsi.o)
                0x08000658                __aeabi_d2iz
                0x08000658                __fixdfsi
 .text          0x080006a8       0x30 C:/ProgramData/MATLAB/SupportPackages/R2024b/3P.instrset/gnuarm-armcortex.instrset/win/bin/../lib/gcc/arm-none-eabi/13.2.1/thumb/v7e-m+fp/hard\libgcc.a(_aeabi_uldivmod.o)
                0x080006a8                __aeabi_uldivmod
 .text          0x080006d8        0x4 C:/ProgramData/MATLAB/SupportPackages/R2024b/3P.instrset/gnuarm-armcortex.instrset/win/bin/../lib/gcc/arm-none-eabi/13.2.1/thumb/v7e-m+fp/hard\libgcc.a(_dvmd_tls.o)
                0x080006d8                __aeabi_idiv0
                0x080006d8                __aeabi_ldiv0
 *(.text*)
 .text.deregister_tm_clones
                0x080006dc       0x1c C:/ProgramData/MATLAB/SupportPackages/R2024b/3P.instrset/gnuarm-armcortex.instrset/win/bin/../lib/gcc/arm-none-eabi/13.2.1/thumb/v7e-m+fp/hard/crtbegin.o
 .text.register_tm_clones
                0x080006f8       0x24 C:/ProgramData/MATLAB/SupportPackages/R2024b/3P.instrset/gnuarm-armcortex.instrset/win/bin/../lib/gcc/arm-none-eabi/13.2.1/thumb/v7e-m+fp/hard/crtbegin.o
 .text.__do_global_dtors_aux
                0x0800071c       0x28 C:/ProgramData/MATLAB/SupportPackages/R2024b/3P.instrset/gnuarm-armcortex.instrset/win/bin/../lib/gcc/arm-none-eabi/13.2.1/thumb/v7e-m+fp/hard/crtbegin.o
 .text.frame_dummy
                0x08000744       0x24 C:/ProgramData/MATLAB/SupportPackages/R2024b/3P.instrset/gnuarm-armcortex.instrset/win/bin/../lib/gcc/arm-none-eabi/13.2.1/thumb/v7e-m+fp/hard/crtbegin.o
 .text.__NVIC_SetPriority
                0x08000768       0x54 mw_stm32_nvic.o
 .text.MW_NVIC_ConfigureIRQ
                0x080007bc       0x26 mw_stm32_nvic.o
                0x080007bc                MW_NVIC_ConfigureIRQ
 *fill*         0x080007e2        0x2 
 .text.subrateTask
                0x080007e4       0x5c ert_main.o
                0x080007e4                subrateTask
 .text.baseRateTask
                0x08000840       0xa8 ert_main.o
                0x08000840                baseRateTask
 .text.terminateTask
                0x080008e8      0x100 ert_main.o
                0x080008e8                terminateTask
 .text.main     0x080009e8       0x74 ert_main.o
                0x080009e8                main
 .text.__NVIC_EnableIRQ
                0x08000a5c       0x3c motor_control.o
 .text.LL_EXTI_IsEnabledIT_0_31
                0x08000a98       0x2c motor_control.o
 .text.LL_EXTI_IsActiveFlag_0_31
                0x08000ac4       0x2c motor_control.o
 .text.LL_EXTI_ClearFlag_0_31
                0x08000af0       0x20 motor_control.o
 .text.LL_GPIO_SetOutputPin
                0x08000b10       0x1c motor_control.o
 .text.LL_GPIO_ResetOutputPin
                0x08000b2c       0x1e motor_control.o
 *fill*         0x08000b4a        0x2 
 .text.rate_monotonic_scheduler
                0x08000b4c       0x78 motor_control.o
 .text.motor_control_step0
                0x08000bc4        0xc motor_control.o
                0x08000bc4                motor_control_step0
 .text.motor_control_step1
                0x08000bd0       0xe0 motor_control.o
                0x08000bd0                motor_control_step1
 .text.motor_control_step2
                0x08000cb0       0x90 motor_control.o
                0x08000cb0                motor_control_step2
 .text.motor_control_step3
                0x08000d40       0x90 motor_control.o
                0x08000d40                motor_control_step3
 .text.motor_control_step4
                0x08000dd0       0x90 motor_control.o
                0x08000dd0                motor_control_step4
 .text.motor_control_step
                0x08000e60       0x50 motor_control.o
                0x08000e60                motor_control_step
 .text.motor_control_initialize
                0x08000eb0       0x64 motor_control.o
                0x08000eb0                motor_control_initialize
 .text.motor_control_terminate
                0x08000f14        0xe motor_control.o
                0x08000f14                motor_control_terminate
 *fill*         0x08000f22        0x2 
 .text.motor_control_configure_interrupts
                0x08000f24       0x1c motor_control.o
                0x08000f24                motor_control_configure_interrupts
 .text.EXTI15_10_IRQHandler
                0x08000f40       0xb4 motor_control.o
                0x08000f40                EXTI15_10_IRQHandler
 .text.PeriphCommonClock_Config
                0x08000ff4       0x10 platform_timer.o
                0x08000ff4                PeriphCommonClock_Config
 .text.__NVIC_SetPriority
                0x08001004       0x54 mw_freertos_init.o
 .text.schedulerTask
                0x08001058       0x1c mw_freertos_init.o
                0x08001058                schedulerTask
 .text.baseRateTaskWrapper
                0x08001074       0x16 mw_freertos_init.o
                0x08001074                baseRateTaskWrapper
 .text.subrateTaskWrapper
                0x0800108a       0x16 mw_freertos_init.o
                0x0800108a                subrateTaskWrapper
 .text.mw_RTOSInit
                0x080010a0      0x288 mw_freertos_init.o
                0x080010a0                mw_RTOSInit
 .text.mw_osThreadCreate
                0x08001328       0x68 mw_thread.o
                0x08001328                mw_osThreadCreate
 .text.mw_osThreadExit
                0x08001390       0x16 mw_thread.o
                0x08001390                mw_osThreadExit
 .text.mw_osThreadJoin
                0x080013a6       0x24 mw_thread.o
                0x080013a6                mw_osThreadJoin
 .text.mw_osTimerCreate
                0x080013ca       0x42 mw_timer.o
                0x080013ca                mw_osTimerCreate
 .text.mw_osTimerStart
                0x0800140c       0x48 mw_timer.o
                0x0800140c                mw_osTimerStart
 .text.mw_osSemaphoreCreate
                0x08001454       0x2e mw_semaphore.o
                0x08001454                mw_osSemaphoreCreate
 .text.mw_osSemaphoreWaitEver
                0x08001482       0x3c mw_semaphore.o
                0x08001482                mw_osSemaphoreWaitEver
 .text.mw_osSemaphoreRelease
                0x080014be       0x3c mw_semaphore.o
                0x080014be                mw_osSemaphoreRelease
 .text.mw_osSemaphoreDelete
                0x080014fa       0x26 mw_semaphore.o
                0x080014fa                mw_osSemaphoreDelete
 .text.__NVIC_GetPriorityGrouping
                0x08001520       0x1c main.o
 .text.__NVIC_EnableIRQ
                0x0800153c       0x3c main.o
 .text.__NVIC_SetPriority
                0x08001578       0x54 main.o
 .text.NVIC_EncodePriority
                0x080015cc       0x66 main.o
 *fill*         0x08001632        0x2 
 .text.LL_DMA_SetDataTransferDirection
                0x08001634       0x48 main.o
 .text.LL_DMA_SetMode
                0x0800167c       0x48 main.o
 .text.LL_DMA_SetPeriphIncMode
                0x080016c4       0x48 main.o
 .text.LL_DMA_SetMemoryIncMode
                0x0800170c       0x48 main.o
 .text.LL_DMA_SetPeriphSize
                0x08001754       0x48 main.o
 .text.LL_DMA_SetMemorySize
                0x0800179c       0x48 main.o
 .text.LL_DMA_SetStreamPriorityLevel
                0x080017e4       0x48 main.o
 .text.LL_DMA_SetChannelSelection
                0x0800182c       0x48 main.o
 .text.LL_DMA_DisableFifoMode
                0x08001874       0x40 main.o
 .text.LL_RCC_HSI_Enable
                0x080018b4       0x20 main.o
 .text.LL_RCC_HSI_IsReady
                0x080018d4       0x24 main.o
 .text.LL_RCC_HSI_SetCalibTrimming
                0x080018f8       0x2c main.o
 .text.LL_RCC_SetSysClkSource
                0x08001924       0x28 main.o
 .text.LL_RCC_GetSysClkSource
                0x0800194c       0x1c main.o
 .text.LL_RCC_SetAHBPrescaler
                0x08001968       0x28 main.o
 .text.LL_RCC_SetAPB1Prescaler
                0x08001990       0x28 main.o
 .text.LL_RCC_SetAPB2Prescaler
                0x080019b8       0x28 main.o
 .text.LL_RCC_SetTIMPrescaler
                0x080019e0       0x2c main.o
 .text.LL_RCC_PLL_Enable
                0x08001a0c       0x20 main.o
 .text.LL_RCC_PLL_IsReady
                0x08001a2c       0x28 main.o
 .text.LL_RCC_PLL_ConfigDomain_SYS
                0x08001a54       0x5c main.o
 .text.LL_AHB1_GRP1_EnableClock
                0x08001ab0       0x30 main.o
 .text.LL_APB1_GRP1_EnableClock
                0x08001ae0       0x30 main.o
 .text.LL_SYSCFG_SetEXTISource
                0x08001b10       0x6c main.o
 .text.LL_FLASH_SetLatency
                0x08001b7c       0x28 main.o
 .text.LL_FLASH_GetLatency
                0x08001ba4       0x1c main.o
 .text.LL_PWR_DisableOverDriveMode
                0x08001bc0       0x20 main.o
 .text.LL_PWR_SetRegulVoltageScaling
                0x08001be0       0x28 main.o
 .text.LL_USART_Enable
                0x08001c08       0x20 main.o
 .text.LL_USART_ConfigAsyncMode
                0x08001c28       0x2c main.o
 .text.LL_GPIO_SetPinMode
                0x08001c54       0x7a main.o
 .text.LL_GPIO_SetPinPull
                0x08001cce       0x7a main.o
 .text.LL_GPIO_ResetOutputPin
                0x08001d48       0x1e main.o
 *fill*         0x08001d66        0x2 
 .text.SystemClock_Config
                0x08001d68       0xa0 main.o
                0x08001d68                SystemClock_Config
 .text.MX_USART2_UART_Init
                0x08001e08      0x104 main.o
                0x08001e08                MX_USART2_UART_Init
 .text.MX_DMA_Init
                0x08001f0c       0x30 main.o
                0x08001f0c                MX_DMA_Init
 .text.MX_GPIO_Init
                0x08001f3c       0xb0 main.o
                0x08001f3c                MX_GPIO_Init
 .text.HAL_TIM_PeriodElapsedCallback
                0x08001fec       0x24 main.o
                0x08001fec                HAL_TIM_PeriodElapsedCallback
 .text.Error_Handler
                0x08002010        0xc main.o
                0x08002010                Error_Handler
 .text.NMI_Handler
                0x0800201c        0x8 stm32f4xx_it.o
                0x0800201c                NMI_Handler
 .text.HardFault_Handler
                0x08002024        0x8 stm32f4xx_it.o
                0x08002024                HardFault_Handler
 .text.MemManage_Handler
                0x0800202c        0x8 stm32f4xx_it.o
                0x0800202c                MemManage_Handler
 .text.BusFault_Handler
                0x08002034        0x8 stm32f4xx_it.o
                0x08002034                BusFault_Handler
 .text.UsageFault_Handler
                0x0800203c        0x8 stm32f4xx_it.o
                0x0800203c                UsageFault_Handler
 .text.DebugMon_Handler
                0x08002044        0xe stm32f4xx_it.o
                0x08002044                DebugMon_Handler
 .text.DMA1_Stream5_IRQHandler
                0x08002052        0xe stm32f4xx_it.o
                0x08002052                DMA1_Stream5_IRQHandler
 .text.TIM1_UP_TIM10_IRQHandler
                0x08002060       0x14 stm32f4xx_it.o
                0x08002060                TIM1_UP_TIM10_IRQHandler
 .text.HAL_MspInit
                0x08002074       0x58 stm32f4xx_hal_msp.o
                0x08002074                HAL_MspInit
 .text.HAL_InitTick
                0x080020cc       0xb0 stm32f4xx_hal_timebase_tim.o
                0x080020cc                HAL_InitTick
 .text.LL_GPIO_SetPinMode
                0x0800217c       0x7a stm32f4xx_ll_gpio.o
 .text.LL_GPIO_SetPinOutputType
                0x080021f6       0x30 stm32f4xx_ll_gpio.o
 .text.LL_GPIO_SetPinSpeed
                0x08002226       0x7a stm32f4xx_ll_gpio.o
 .text.LL_GPIO_SetPinPull
                0x080022a0       0x7a stm32f4xx_ll_gpio.o
 .text.LL_GPIO_SetAFPin_0_7
                0x0800231a       0x7a stm32f4xx_ll_gpio.o
 .text.LL_GPIO_SetAFPin_8_15
                0x08002394       0x7e stm32f4xx_ll_gpio.o
 .text.LL_GPIO_Init
                0x08002412      0x102 stm32f4xx_ll_gpio.o
                0x08002412                LL_GPIO_Init
 .text.LL_RCC_GetSysClkSource
                0x08002514       0x1c stm32f4xx_ll_rcc.o
 .text.LL_RCC_GetAHBPrescaler
                0x08002530       0x1c stm32f4xx_ll_rcc.o
 .text.LL_RCC_GetAPB1Prescaler
                0x0800254c       0x1c stm32f4xx_ll_rcc.o
 .text.LL_RCC_GetAPB2Prescaler
                0x08002568       0x1c stm32f4xx_ll_rcc.o
 .text.LL_RCC_PLL_GetMainSource
                0x08002584       0x1c stm32f4xx_ll_rcc.o
 .text.LL_RCC_PLL_GetN
                0x080025a0       0x1c stm32f4xx_ll_rcc.o
 .text.LL_RCC_PLL_GetP
                0x080025bc       0x1c stm32f4xx_ll_rcc.o
 .text.LL_RCC_PLL_GetR
                0x080025d8       0x1c stm32f4xx_ll_rcc.o
 .text.LL_RCC_PLL_GetDivider
                0x080025f4       0x1c stm32f4xx_ll_rcc.o
 .text.LL_RCC_GetSystemClocksFreq
                0x08002610       0x4a stm32f4xx_ll_rcc.o
                0x08002610                LL_RCC_GetSystemClocksFreq
 *fill*         0x0800265a        0x2 
 .text.RCC_GetSystemClockFreq
                0x0800265c       0x88 stm32f4xx_ll_rcc.o
                0x0800265c                RCC_GetSystemClockFreq
 .text.RCC_GetHCLKClockFreq
                0x080026e4       0x2c stm32f4xx_ll_rcc.o
                0x080026e4                RCC_GetHCLKClockFreq
 .text.RCC_GetPCLK1ClockFreq
                0x08002710       0x28 stm32f4xx_ll_rcc.o
                0x08002710                RCC_GetPCLK1ClockFreq
 .text.RCC_GetPCLK2ClockFreq
                0x08002738       0x28 stm32f4xx_ll_rcc.o
                0x08002738                RCC_GetPCLK2ClockFreq
 .text.RCC_PLL_GetFreqDomain_SYS
                0x08002760       0xa4 stm32f4xx_ll_rcc.o
                0x08002760                RCC_PLL_GetFreqDomain_SYS
 .text.LL_SetSystemCoreClock
                0x08002804       0x20 stm32f4xx_ll_utils.o
                0x08002804                LL_SetSystemCoreClock
 .text.LL_EXTI_EnableIT_0_31
                0x08002824       0x24 stm32f4xx_ll_exti.o
 .text.LL_EXTI_DisableIT_0_31
                0x08002848       0x28 stm32f4xx_ll_exti.o
 .text.LL_EXTI_EnableEvent_0_31
                0x08002870       0x24 stm32f4xx_ll_exti.o
 .text.LL_EXTI_DisableEvent_0_31
                0x08002894       0x28 stm32f4xx_ll_exti.o
 .text.LL_EXTI_EnableRisingTrig_0_31
                0x080028bc       0x24 stm32f4xx_ll_exti.o
 .text.LL_EXTI_DisableRisingTrig_0_31
                0x080028e0       0x28 stm32f4xx_ll_exti.o
 .text.LL_EXTI_EnableFallingTrig_0_31
                0x08002908       0x24 stm32f4xx_ll_exti.o
 .text.LL_EXTI_DisableFallingTrig_0_31
                0x0800292c       0x28 stm32f4xx_ll_exti.o
 .text.LL_EXTI_Init
                0x08002954       0xfe stm32f4xx_ll_exti.o
                0x08002954                LL_EXTI_Init
 *fill*         0x08002a52        0x2 
 .text.HAL_RCC_GetHCLKFreq
                0x08002a54       0x18 stm32f4xx_hal_rcc.o
                0x08002a54                HAL_RCC_GetHCLKFreq
 .text.HAL_RCC_GetPCLK2Freq
                0x08002a6c       0x28 stm32f4xx_hal_rcc.o
                0x08002a6c                HAL_RCC_GetPCLK2Freq
 .text.HAL_RCC_GetClockConfig
                0x08002a94       0x64 stm32f4xx_hal_rcc.o
                0x08002a94                HAL_RCC_GetClockConfig
 .text.__NVIC_SetPriorityGrouping
                0x08002af8       0x48 stm32f4xx_hal_cortex.o
 .text.__NVIC_GetPriorityGrouping
                0x08002b40       0x1c stm32f4xx_hal_cortex.o
 .text.__NVIC_EnableIRQ
                0x08002b5c       0x3c stm32f4xx_hal_cortex.o
 .text.__NVIC_SetPriority
                0x08002b98       0x54 stm32f4xx_hal_cortex.o
 .text.NVIC_EncodePriority
                0x08002bec       0x66 stm32f4xx_hal_cortex.o
 .text.HAL_NVIC_SetPriorityGrouping
                0x08002c52       0x16 stm32f4xx_hal_cortex.o
                0x08002c52                HAL_NVIC_SetPriorityGrouping
 .text.HAL_NVIC_SetPriority
                0x08002c68       0x38 stm32f4xx_hal_cortex.o
                0x08002c68                HAL_NVIC_SetPriority
 .text.HAL_NVIC_EnableIRQ
                0x08002ca0       0x1c stm32f4xx_hal_cortex.o
                0x08002ca0                HAL_NVIC_EnableIRQ
 .text.HAL_Init
                0x08002cbc       0x44 stm32f4xx_hal.o
                0x08002cbc                HAL_Init
 .text.HAL_IncTick
                0x08002d00       0x28 stm32f4xx_hal.o
                0x08002d00                HAL_IncTick
 .text.HAL_TIM_Base_Init
                0x08002d28       0x9e stm32f4xx_hal_tim.o
                0x08002d28                HAL_TIM_Base_Init
 .text.HAL_TIM_Base_MspInit
                0x08002dc6       0x14 stm32f4xx_hal_tim.o
                0x08002dc6                HAL_TIM_Base_MspInit
 *fill*         0x08002dda        0x2 
 .text.HAL_TIM_Base_Start_IT
                0x08002ddc       0xe0 stm32f4xx_hal_tim.o
                0x08002ddc                HAL_TIM_Base_Start_IT
 .text.HAL_TIM_IRQHandler
                0x08002ebc      0x210 stm32f4xx_hal_tim.o
                0x08002ebc                HAL_TIM_IRQHandler
 .text.HAL_TIM_OC_DelayElapsedCallback
                0x080030cc       0x14 stm32f4xx_hal_tim.o
                0x080030cc                HAL_TIM_OC_DelayElapsedCallback
 .text.HAL_TIM_IC_CaptureCallback
                0x080030e0       0x14 stm32f4xx_hal_tim.o
                0x080030e0                HAL_TIM_IC_CaptureCallback
 .text.HAL_TIM_PWM_PulseFinishedCallback
                0x080030f4       0x14 stm32f4xx_hal_tim.o
                0x080030f4                HAL_TIM_PWM_PulseFinishedCallback
 .text.HAL_TIM_TriggerCallback
                0x08003108       0x14 stm32f4xx_hal_tim.o
                0x08003108                HAL_TIM_TriggerCallback
 .text.TIM_Base_SetConfig
                0x0800311c      0x140 stm32f4xx_hal_tim.o
                0x0800311c                TIM_Base_SetConfig
 .text.HAL_TIMEx_CommutCallback
                0x0800325c       0x14 stm32f4xx_hal_tim_ex.o
                0x0800325c                HAL_TIMEx_CommutCallback
 .text.HAL_TIMEx_BreakCallback
                0x08003270       0x14 stm32f4xx_hal_tim_ex.o
                0x08003270                HAL_TIMEx_BreakCallback
 .text.LL_USART_IsEnabled
                0x08003284       0x28 stm32f4xx_ll_usart.o
 .text.LL_USART_SetStopBitsLength
                0x080032ac       0x26 stm32f4xx_ll_usart.o
 .text.LL_USART_SetHWFlowCtrl
                0x080032d2       0x26 stm32f4xx_ll_usart.o
 .text.LL_USART_SetBaudRate
                0x080032f8      0x45c stm32f4xx_ll_usart.o
 .text.LL_USART_Init
                0x08003754      0x100 stm32f4xx_ll_usart.o
                0x08003754                LL_USART_Init
 .text.vListInitialise
                0x08003854       0x40 list.o
                0x08003854                vListInitialise
 .text.vListInitialiseItem
                0x08003894       0x1a list.o
                0x08003894                vListInitialiseItem
 .text.vListInsertEnd
                0x080038ae       0x48 list.o
                0x080038ae                vListInsertEnd
 .text.vListInsert
                0x080038f6       0x72 list.o
                0x080038f6                vListInsert
 .text.uxListRemove
                0x08003968       0x54 list.o
                0x08003968                uxListRemove
 .text.xQueueGenericReset
                0x080039bc       0xd4 queue.o
                0x080039bc                xQueueGenericReset
 .text.xQueueGenericCreateStatic
                0x08003a90       0xfa queue.o
                0x08003a90                xQueueGenericCreateStatic
 .text.xQueueGenericCreate
                0x08003b8a       0x76 queue.o
                0x08003b8a                xQueueGenericCreate
 .text.prvInitialiseNewQueue
                0x08003c00       0x46 queue.o
 .text.xQueueCreateCountingSemaphore
                0x08003c46       0x6a queue.o
                0x08003c46                xQueueCreateCountingSemaphore
 .text.xQueueGenericSend
                0x08003cb0      0x204 queue.o
                0x08003cb0                xQueueGenericSend
 .text.xQueueGenericSendFromISR
                0x08003eb4      0x13c queue.o
                0x08003eb4                xQueueGenericSendFromISR
 .text.xQueueReceive
                0x08003ff0      0x1c4 queue.o
                0x08003ff0                xQueueReceive
 .text.xQueueSemaphoreTake
                0x080041b4      0x220 queue.o
                0x080041b4                xQueueSemaphoreTake
 .text.vQueueDelete
                0x080043d4       0x48 queue.o
                0x080043d4                vQueueDelete
 .text.prvGetDisinheritPriorityAfterTimeout
                0x0800441c       0x30 queue.o
 .text.prvCopyDataToQueue
                0x0800444c       0xd4 queue.o
 .text.prvCopyDataFromQueue
                0x08004520       0x4c queue.o
 .text.prvUnlockQueue
                0x0800456c       0xa4 queue.o
 .text.prvIsQueueEmpty
                0x08004610       0x2c queue.o
 .text.prvIsQueueFull
                0x0800463c       0x30 queue.o
 .text.vQueueAddToRegistry
                0x0800466c       0x54 queue.o
                0x0800466c                vQueueAddToRegistry
 .text.vQueueUnregisterQueue
                0x080046c0       0x54 queue.o
                0x080046c0                vQueueUnregisterQueue
 .text.vQueueWaitForMessageRestricted
                0x08004714       0x68 queue.o
                0x08004714                vQueueWaitForMessageRestricted
 .text.xTaskCreateStatic
                0x0800477c       0xc4 tasks.o
                0x0800477c                xTaskCreateStatic
 .text.xTaskCreate
                0x08004840       0x8c tasks.o
                0x08004840                xTaskCreate
 .text.prvInitialiseNewTask
                0x080048cc      0x1a0 tasks.o
 .text.prvAddNewTaskToReadyList
                0x08004a6c       0xe0 tasks.o
 .text.vTaskDelete
                0x08004b4c       0xe8 tasks.o
                0x08004b4c                vTaskDelete
 .text.vTaskStartScheduler
                0x08004c34       0xe0 tasks.o
                0x08004c34                vTaskStartScheduler
 .text.vTaskSuspendAll
                0x08004d14       0x1c tasks.o
                0x08004d14                vTaskSuspendAll
 .text.xTaskResumeAll
                0x08004d30      0x13c tasks.o
                0x08004d30                xTaskResumeAll
 .text.xTaskGetTickCount
                0x08004e6c       0x20 tasks.o
                0x08004e6c                xTaskGetTickCount
 .text.xTaskIncrementTick
                0x08004e8c      0x174 tasks.o
                0x08004e8c                xTaskIncrementTick
 .text.vTaskSwitchContext
                0x08005000       0xcc tasks.o
                0x08005000                vTaskSwitchContext
 .text.vTaskPlaceOnEventList
                0x080050cc       0x4c tasks.o
                0x080050cc                vTaskPlaceOnEventList
 .text.vTaskPlaceOnEventListRestricted
                0x08005118       0x58 tasks.o
                0x08005118                vTaskPlaceOnEventListRestricted
 .text.xTaskRemoveFromEventList
                0x08005170       0xc8 tasks.o
                0x08005170                xTaskRemoveFromEventList
 .text.vTaskInternalSetTimeOutState
                0x08005238       0x2c tasks.o
                0x08005238                vTaskInternalSetTimeOutState
 .text.xTaskCheckForTimeOut
                0x08005264       0xc8 tasks.o
                0x08005264                xTaskCheckForTimeOut
 .text.vTaskMissedYield
                0x0800532c       0x18 tasks.o
                0x0800532c                vTaskMissedYield
 .text.prvIdleTask
                0x08005344       0x30 tasks.o
 .text.prvInitialiseTaskLists
                0x08005374       0x80 tasks.o
 .text.prvCheckTasksWaitingTermination
                0x080053f4       0x5c tasks.o
 .text.prvDeleteTCB
                0x08005450       0x6a tasks.o
 *fill*         0x080054ba        0x2 
 .text.prvResetNextTaskUnblockTime
                0x080054bc       0x40 tasks.o
 .text.xTaskGetSchedulerState
                0x080054fc       0x3c tasks.o
                0x080054fc                xTaskGetSchedulerState
 .text.xTaskPriorityInherit
                0x08005538       0xd0 tasks.o
                0x08005538                xTaskPriorityInherit
 .text.xTaskPriorityDisinherit
                0x08005608       0xe0 tasks.o
                0x08005608                xTaskPriorityDisinherit
 .text.vTaskPriorityDisinheritAfterTimeout
                0x080056e8      0x108 tasks.o
                0x080056e8                vTaskPriorityDisinheritAfterTimeout
 .text.pvTaskIncrementMutexHeldCount
                0x080057f0       0x28 tasks.o
                0x080057f0                pvTaskIncrementMutexHeldCount
 .text.prvAddCurrentTaskToDelayedList
                0x08005818       0xa8 tasks.o
 .text.xTimerCreateTimerTask
                0x080058c0       0x94 timers.o
                0x080058c0                xTimerCreateTimerTask
 .text.xTimerCreate
                0x08005954       0x42 timers.o
                0x08005954                xTimerCreate
 .text.prvInitialiseNewTimer
                0x08005996       0x78 timers.o
 *fill*         0x08005a0e        0x2 
 .text.xTimerGenericCommand
                0x08005a10       0x9c timers.o
                0x08005a10                xTimerGenericCommand
 .text.prvProcessExpiredTimer
                0x08005aac       0x9c timers.o
 .text.prvTimerTask
                0x08005b48       0x26 timers.o
 *fill*         0x08005b6e        0x2 
 .text.prvProcessTimerOrBlockTask
                0x08005b70       0x9c timers.o
 .text.prvGetNextExpireTime
                0x08005c0c       0x48 timers.o
 .text.prvSampleTimeNow
                0x08005c54       0x40 timers.o
 .text.prvInsertTimerInActiveList
                0x08005c94       0x84 timers.o
 .text.prvProcessReceivedCommands
                0x08005d18      0x1cc timers.o
 .text.prvSwitchTimerLists
                0x08005ee4       0xcc timers.o
 .text.prvCheckForValidListAndQueue
                0x08005fb0       0x80 timers.o
 .text.SysTick_Handler
                0x08006030       0x20 cmsis_os2.o
                0x08006030                SysTick_Handler
 .text.vApplicationGetIdleTaskMemory
                0x08006050       0x34 cmsis_os2.o
                0x08006050                vApplicationGetIdleTaskMemory
 .text.vApplicationGetTimerTaskMemory
                0x08006084       0x34 cmsis_os2.o
                0x08006084                vApplicationGetTimerTaskMemory
 .text.pvPortMalloc
                0x080060b8      0x19c heap_4.o
                0x080060b8                pvPortMalloc
 .text.vPortFree
                0x08006254       0xc8 heap_4.o
                0x08006254                vPortFree
 .text.prvHeapInit
                0x0800631c       0xc4 heap_4.o
 .text.prvInsertBlockIntoFreeList
                0x080063e0       0xb4 heap_4.o
 .text.pxPortInitialiseStack
                0x08006494       0x68 port.o
                0x08006494                pxPortInitialiseStack
 .text.prvTaskExitError
                0x080064fc       0x5c port.o
 *fill*         0x08006558        0x8 
 .text.SVC_Handler
                0x08006560       0x28 port.o
                0x08006560                SVC_Handler
 .text.prvPortStartFirstTask
                0x08006588       0x28 port.o
 .text.xPortStartScheduler
                0x080065b0      0x148 port.o
                0x080065b0                xPortStartScheduler
 .text.vPortEnterCritical
                0x080066f8       0x64 port.o
                0x080066f8                vPortEnterCritical
 .text.vPortExitCritical
                0x0800675c       0x54 port.o
                0x0800675c                vPortExitCritical
 .text.PendSV_Handler
                0x080067b0       0x68 port.o
                0x080067b0                PendSV_Handler
 .text.xPortSysTickHandler
                0x08006818       0x44 port.o
                0x08006818                xPortSysTickHandler
 .text.vPortSetupTimerInterrupt
                0x0800685c       0x48 port.o
                0x0800685c                vPortSetupTimerInterrupt
 .text.vPortEnableVFP
                0x080068a4       0x14 port.o
 .text.vPortValidateInterruptPriority
                0x080068b8       0x84 port.o
                0x080068b8                vPortValidateInterruptPriority
 .text.SystemInit
                0x0800693c       0x24 system_stm32f4xx.o
                0x0800693c                SystemInit
 .text.Reset_Handler
                0x08006960       0x50 startup_stm32f446retx.o
                0x08006960                Reset_Handler
 .text.Default_Handler
                0x080069b0        0x2 startup_stm32f446retx.o
                0x080069b0                RTC_Alarm_IRQHandler
                0x080069b0                EXTI2_IRQHandler
                0x080069b0                TIM8_CC_IRQHandler
                0x080069b0                FMPI2C1_EV_IRQHandler
                0x080069b0                SPI4_IRQHandler
                0x080069b0                TIM1_CC_IRQHandler
                0x080069b0                DMA2_Stream5_IRQHandler
                0x080069b0                PVD_IRQHandler
                0x080069b0                SDIO_IRQHandler
                0x080069b0                TAMP_STAMP_IRQHandler
                0x080069b0                CAN2_RX1_IRQHandler
                0x080069b0                EXTI3_IRQHandler
                0x080069b0                TIM8_TRG_COM_TIM14_IRQHandler
                0x080069b0                TIM8_UP_TIM13_IRQHandler
                0x080069b0                I2C3_ER_IRQHandler
                0x080069b0                EXTI0_IRQHandler
                0x080069b0                I2C2_EV_IRQHandler
                0x080069b0                DMA1_Stream2_IRQHandler
                0x080069b0                CAN1_RX0_IRQHandler
                0x080069b0                FPU_IRQHandler
                0x080069b0                OTG_HS_WKUP_IRQHandler
                0x080069b0                CAN2_SCE_IRQHandler
                0x080069b0                DMA2_Stream2_IRQHandler
                0x080069b0                SPI1_IRQHandler
                0x080069b0                TIM6_DAC_IRQHandler
                0x080069b0                TIM1_BRK_TIM9_IRQHandler
                0x080069b0                DCMI_IRQHandler
                0x080069b0                CAN2_RX0_IRQHandler
                0x080069b0                DMA2_Stream3_IRQHandler
                0x080069b0                SAI2_IRQHandler
                0x080069b0                USART6_IRQHandler
                0x080069b0                USART3_IRQHandler
                0x080069b0                CAN1_RX1_IRQHandler
                0x080069b0                UART5_IRQHandler
                0x080069b0                DMA2_Stream0_IRQHandler
                0x080069b0                TIM4_IRQHandler
                0x080069b0                QUADSPI_IRQHandler
                0x080069b0                I2C1_EV_IRQHandler
                0x080069b0                DMA1_Stream6_IRQHandler
                0x080069b0                DMA1_Stream1_IRQHandler
                0x080069b0                UART4_IRQHandler
                0x080069b0                TIM3_IRQHandler
                0x080069b0                RCC_IRQHandler
                0x080069b0                TIM8_BRK_TIM12_IRQHandler
                0x080069b0                Default_Handler
                0x080069b0                CEC_IRQHandler
                0x080069b0                ADC_IRQHandler
                0x080069b0                DMA1_Stream7_IRQHandler
                0x080069b0                TIM7_IRQHandler
                0x080069b0                CAN2_TX_IRQHandler
                0x080069b0                TIM5_IRQHandler
                0x080069b0                DMA2_Stream7_IRQHandler
                0x080069b0                I2C3_EV_IRQHandler
                0x080069b0                EXTI9_5_IRQHandler
                0x080069b0                RTC_WKUP_IRQHandler
                0x080069b0                SPDIF_RX_IRQHandler
                0x080069b0                SPI2_IRQHandler
                0x080069b0                OTG_HS_EP1_IN_IRQHandler
                0x080069b0                DMA1_Stream0_IRQHandler
                0x080069b0                CAN1_TX_IRQHandler
                0x080069b0                FMPI2C1_ER_IRQHandler
                0x080069b0                EXTI4_IRQHandler
                0x080069b0                OTG_HS_EP1_OUT_IRQHandler
                0x080069b0                WWDG_IRQHandler
                0x080069b0                TIM2_IRQHandler
                0x080069b0                OTG_FS_WKUP_IRQHandler
                0x080069b0                TIM1_TRG_COM_TIM11_IRQHandler
                0x080069b0                OTG_HS_IRQHandler
                0x080069b0                EXTI1_IRQHandler
                0x080069b0                USART2_IRQHandler
                0x080069b0                I2C2_ER_IRQHandler
                0x080069b0                DMA2_Stream1_IRQHandler
                0x080069b0                CAN1_SCE_IRQHandler
                0x080069b0                FLASH_IRQHandler
                0x080069b0                DMA2_Stream4_IRQHandler
                0x080069b0                USART1_IRQHandler
                0x080069b0                OTG_FS_IRQHandler
                0x080069b0                SPI3_IRQHandler
                0x080069b0                DMA1_Stream4_IRQHandler
                0x080069b0                I2C1_ER_IRQHandler
                0x080069b0                FMC_IRQHandler
                0x080069b0                DMA2_Stream6_IRQHandler
                0x080069b0                SAI1_IRQHandler
                0x080069b0                DMA1_Stream3_IRQHandler
 *fill*         0x080069b2        0x2 
 .text.__udivmoddi4
                0x080069b4      0x2bc C:/ProgramData/MATLAB/SupportPackages/R2024b/3P.instrset/gnuarm-armcortex.instrset/win/bin/../lib/gcc/arm-none-eabi/13.2.1/thumb/v7e-m+fp/hard\libgcc.a(_udivmoddi4.o)
                0x080069b4                __udivmoddi4
 .text.memset   0x08006c70       0x10 C:/ProgramData/MATLAB/SupportPackages/R2024b/3P.instrset/gnuarm-armcortex.instrset/win/bin/../lib/gcc/arm-none-eabi/13.2.1/thumb/v7e-m+fp/hard\libc_nano.a(libc_a-memset.o)
                0x08006c70                memset
 .text._reclaim_reent
                0x08006c80       0xac C:/ProgramData/MATLAB/SupportPackages/R2024b/3P.instrset/gnuarm-armcortex.instrset/win/bin/../lib/gcc/arm-none-eabi/13.2.1/thumb/v7e-m+fp/hard\libc_nano.a(libc_a-reent.o)
                0x08006c80                _reclaim_reent
 .text.__libc_init_array
                0x08006d2c       0x48 C:/ProgramData/MATLAB/SupportPackages/R2024b/3P.instrset/gnuarm-armcortex.instrset/win/bin/../lib/gcc/arm-none-eabi/13.2.1/thumb/v7e-m+fp/hard\libc_nano.a(libc_a-init.o)
                0x08006d2c                __libc_init_array
 .text.__retarget_lock_acquire_recursive
                0x08006d74        0x2 C:/ProgramData/MATLAB/SupportPackages/R2024b/3P.instrset/gnuarm-armcortex.instrset/win/bin/../lib/gcc/arm-none-eabi/13.2.1/thumb/v7e-m+fp/hard\libc_nano.a(libc_a-lock.o)
                0x08006d74                __retarget_lock_acquire_recursive
 .text.__retarget_lock_release_recursive
                0x08006d76        0x2 C:/ProgramData/MATLAB/SupportPackages/R2024b/3P.instrset/gnuarm-armcortex.instrset/win/bin/../lib/gcc/arm-none-eabi/13.2.1/thumb/v7e-m+fp/hard\libc_nano.a(libc_a-lock.o)
                0x08006d76                __retarget_lock_release_recursive
 .text.memcpy   0x08006d78       0x1c C:/ProgramData/MATLAB/SupportPackages/R2024b/3P.instrset/gnuarm-armcortex.instrset/win/bin/../lib/gcc/arm-none-eabi/13.2.1/thumb/v7e-m+fp/hard\libc_nano.a(libc_a-memcpy-stub.o)
                0x08006d78                memcpy
 .text._free_r  0x08006d94       0x94 C:/ProgramData/MATLAB/SupportPackages/R2024b/3P.instrset/gnuarm-armcortex.instrset/win/bin/../lib/gcc/arm-none-eabi/13.2.1/thumb/v7e-m+fp/hard\libc_nano.a(libc_a-freer.o)
                0x08006d94                _free_r
 .text.__malloc_lock
                0x08006e28        0xc C:/ProgramData/MATLAB/SupportPackages/R2024b/3P.instrset/gnuarm-armcortex.instrset/win/bin/../lib/gcc/arm-none-eabi/13.2.1/thumb/v7e-m+fp/hard\libc_nano.a(libc_a-mlock.o)
                0x08006e28                __malloc_lock
 .text.__malloc_unlock
                0x08006e34        0xc C:/ProgramData/MATLAB/SupportPackages/R2024b/3P.instrset/gnuarm-armcortex.instrset/win/bin/../lib/gcc/arm-none-eabi/13.2.1/thumb/v7e-m+fp/hard\libc_nano.a(libc_a-mlock.o)
                0x08006e34                __malloc_unlock
 *(.glue_7)
 .glue_7        0x08006e40        0x0 linker stubs
 *(.glue_7t)
 .glue_7t       0x08006e40        0x0 linker stubs
 *(.eh_frame)
 .eh_frame      0x08006e40        0x0 C:/ProgramData/MATLAB/SupportPackages/R2024b/3P.instrset/gnuarm-armcortex.instrset/win/bin/../lib/gcc/arm-none-eabi/13.2.1/thumb/v7e-m+fp/hard/crtbegin.o
 *(.init)
 .init          0x08006e40        0x4 C:/ProgramData/MATLAB/SupportPackages/R2024b/3P.instrset/gnuarm-armcortex.instrset/win/bin/../lib/gcc/arm-none-eabi/13.2.1/thumb/v7e-m+fp/hard/crti.o
                0x08006e40                _init
 .init          0x08006e44        0x8 C:/ProgramData/MATLAB/SupportPackages/R2024b/3P.instrset/gnuarm-armcortex.instrset/win/bin/../lib/gcc/arm-none-eabi/13.2.1/thumb/v7e-m+fp/hard/crtn.o
 *(.fini)
 .fini          0x08006e4c        0x4 C:/ProgramData/MATLAB/SupportPackages/R2024b/3P.instrset/gnuarm-armcortex.instrset/win/bin/../lib/gcc/arm-none-eabi/13.2.1/thumb/v7e-m+fp/hard/crti.o
                0x08006e4c                _fini
 .fini          0x08006e50        0x8 C:/ProgramData/MATLAB/SupportPackages/R2024b/3P.instrset/gnuarm-armcortex.instrset/win/bin/../lib/gcc/arm-none-eabi/13.2.1/thumb/v7e-m+fp/hard/crtn.o
                0x08006e58                        . = ALIGN (0x4)
                0x08006e58                        _etext = .

.vfp11_veneer   0x08006e58        0x0
 .vfp11_veneer  0x08006e58        0x0 linker stubs

.v4_bx          0x08006e58        0x0
 .v4_bx         0x08006e58        0x0 linker stubs

.iplt           0x08006e58        0x0
 .iplt          0x08006e58        0x0 C:/ProgramData/MATLAB/SupportPackages/R2024b/3P.instrset/gnuarm-armcortex.instrset/win/bin/../lib/gcc/arm-none-eabi/13.2.1/thumb/v7e-m+fp/hard/crtbegin.o

.rodata         0x08006e58       0x50
                0x08006e58                        . = ALIGN (0x4)
 *(.rodata)
 .rodata        0x08006e58       0x13 mw_freertos_init.o
 *fill*         0x08006e6b        0x1 
 .rodata        0x08006e6c        0x5 tasks.o
 *fill*         0x08006e71        0x3 
 .rodata        0x08006e74        0xd timers.o
 *(.rodata*)
 *fill*         0x08006e81        0x3 
 .rodata.motor_control_M
                0x08006e84        0x4 motor_control.o
                0x08006e84                motor_control_M
 .rodata.STREAM_OFFSET_TAB
                0x08006e88        0x8 main.o
 .rodata.AHBPrescTable
                0x08006e90       0x10 system_stm32f4xx.o
                0x08006e90                AHBPrescTable
 .rodata.APBPrescTable
                0x08006ea0        0x8 system_stm32f4xx.o
                0x08006ea0                APBPrescTable
                0x08006ea8                        . = ALIGN (0x4)

.ARM.extab      0x08006ea8        0x0
                0x08006ea8                        . = ALIGN (0x4)
 *(.ARM.extab* .gnu.linkonce.armextab.*)
                0x08006ea8                        . = ALIGN (0x4)

.ARM            0x08006ea8        0x8
                0x08006ea8                        . = ALIGN (0x4)
                0x08006ea8                        __exidx_start = .
 *(.ARM.exidx*)
 .ARM.exidx.text.__udivmoddi4
                0x08006ea8        0x8 C:/ProgramData/MATLAB/SupportPackages/R2024b/3P.instrset/gnuarm-armcortex.instrset/win/bin/../lib/gcc/arm-none-eabi/13.2.1/thumb/v7e-m+fp/hard\libgcc.a(_udivmoddi4.o)
                0x08006eb0                        __exidx_end = .
                0x08006eb0                        . = ALIGN (0x4)

.rel.dyn        0x08006eb0        0x0
 .rel.iplt      0x08006eb0        0x0 C:/ProgramData/MATLAB/SupportPackages/R2024b/3P.instrset/gnuarm-armcortex.instrset/win/bin/../lib/gcc/arm-none-eabi/13.2.1/thumb/v7e-m+fp/hard/crtbegin.o

.preinit_array  0x08006eb0        0x0
                0x08006eb0                        . = ALIGN (0x4)
                0x08006eb0                        PROVIDE (__preinit_array_start = .)
 *(.preinit_array*)
                0x08006eb0                        PROVIDE (__preinit_array_end = .)
                0x08006eb0                        . = ALIGN (0x4)

.init_array     0x08006eb0        0x4
                0x08006eb0                        . = ALIGN (0x4)
                0x08006eb0                        PROVIDE (__init_array_start = .)
 *(SORT_BY_NAME(.init_array.*))
 *(.init_array*)
 .init_array    0x08006eb0        0x4 C:/ProgramData/MATLAB/SupportPackages/R2024b/3P.instrset/gnuarm-armcortex.instrset/win/bin/../lib/gcc/arm-none-eabi/13.2.1/thumb/v7e-m+fp/hard/crtbegin.o
                0x08006eb4                        PROVIDE (__init_array_end = .)
                0x08006eb4                        . = ALIGN (0x4)

.fini_array     0x08006eb4        0x4
                0x08006eb4                        . = ALIGN (0x4)
                [!provide]                        PROVIDE (__fini_array_start = .)
 *(SORT_BY_NAME(.fini_array.*))
 *(.fini_array*)
 .fini_array    0x08006eb4        0x4 C:/ProgramData/MATLAB/SupportPackages/R2024b/3P.instrset/gnuarm-armcortex.instrset/win/bin/../lib/gcc/arm-none-eabi/13.2.1/thumb/v7e-m+fp/hard/crtbegin.o
                [!provide]                        PROVIDE (__fini_array_end = .)
                0x08006eb8                        . = ALIGN (0x4)
                0x08006eb8                        _sidata = LOADADDR (.data)

.data           0x20000000      0x134 load address 0x08006eb8
                0x20000000                        . = ALIGN (0x4)
                0x20000000                        _sdata = .
 *(.data)
 *(.data*)
 .data.runModel
                0x20000000        0x1 ert_main.o
                0x20000000                runModel
 *fill*         0x20000001        0x7 
 .data.motor_control_P
                0x20000008       0xd0 motor_control_data.o
                0x20000008                motor_control_P
 .data.uwTickFreq
                0x200000d8        0x1 stm32f4xx_hal.o
                0x200000d8                uwTickFreq
 *fill*         0x200000d9        0x3 
 .data.uxCriticalNesting
                0x200000dc        0x4 port.o
 .data.SystemCoreClock
                0x200000e0        0x4 system_stm32f4xx.o
                0x200000e0                SystemCoreClock
 .data._impure_ptr
                0x200000e4        0x4 C:/ProgramData/MATLAB/SupportPackages/R2024b/3P.instrset/gnuarm-armcortex.instrset/win/bin/../lib/gcc/arm-none-eabi/13.2.1/thumb/v7e-m+fp/hard\libc_nano.a(libc_a-impure.o)
                0x200000e4                _impure_ptr
 .data._impure_data
                0x200000e8       0x4c C:/ProgramData/MATLAB/SupportPackages/R2024b/3P.instrset/gnuarm-armcortex.instrset/win/bin/../lib/gcc/arm-none-eabi/13.2.1/thumb/v7e-m+fp/hard\libc_nano.a(libc_a-impure.o)
                0x200000e8                _impure_data
 *(.RamFunc)
 *(.RamFunc*)
                0x20000134                        . = ALIGN (0x4)
                0x20000134                        _edata = .

.tm_clone_table
                0x20000134        0x0 load address 0x08006fec
 .tm_clone_table
                0x20000134        0x0 C:/ProgramData/MATLAB/SupportPackages/R2024b/3P.instrset/gnuarm-armcortex.instrset/win/bin/../lib/gcc/arm-none-eabi/13.2.1/thumb/v7e-m+fp/hard/crtbegin.o
 .tm_clone_table
                0x20000134        0x0 C:/ProgramData/MATLAB/SupportPackages/R2024b/3P.instrset/gnuarm-armcortex.instrset/win/bin/../lib/gcc/arm-none-eabi/13.2.1/thumb/v7e-m+fp/hard/crtend.o

.igot.plt       0x20000134        0x0 load address 0x08006fec
 .igot.plt      0x20000134        0x0 C:/ProgramData/MATLAB/SupportPackages/R2024b/3P.instrset/gnuarm-armcortex.instrset/win/bin/../lib/gcc/arm-none-eabi/13.2.1/thumb/v7e-m+fp/hard/crtbegin.o
                0x20000134                        . = ALIGN (0x4)

.bss            0x20000138     0x4e88 load address 0x08006fec
                0x20000138                        _sbss = .
                0x20000138                        __bss_start__ = _sbss
 *(.bss)
 *(.bss*)
 .bss.completed.1
                0x20000138        0x1 C:/ProgramData/MATLAB/SupportPackages/R2024b/3P.instrset/gnuarm-armcortex.instrset/win/bin/../lib/gcc/arm-none-eabi/13.2.1/thumb/v7e-m+fp/hard/crtbegin.o
 *fill*         0x20000139        0x3 
 .bss.object.0  0x2000013c       0x18 C:/ProgramData/MATLAB/SupportPackages/R2024b/3P.instrset/gnuarm-armcortex.instrset/win/bin/../lib/gcc/arm-none-eabi/13.2.1/thumb/v7e-m+fp/hard/crtbegin.o
 .bss.stopRequested
                0x20000154        0x1 ert_main.o
                0x20000154                stopRequested
 *fill*         0x20000155        0x3 
 .bss.stopSem   0x20000158        0x4 ert_main.o
                0x20000158                stopSem
 .bss.baserateTaskSem
                0x2000015c        0x4 ert_main.o
                0x2000015c                baserateTaskSem
 .bss.subrateTaskSem
                0x20000160       0x10 ert_main.o
                0x20000160                subrateTaskSem
 .bss.taskId    0x20000170       0x10 ert_main.o
                0x20000170                taskId
 .bss.baseRateThread
                0x20000180       0x1c ert_main.o
                0x20000180                baseRateThread
 .bss.threadJoinStatus
                0x2000019c        0x4 ert_main.o
                0x2000019c                threadJoinStatus
 .bss.terminatingmodel
                0x200001a0        0x4 ert_main.o
                0x200001a0                terminatingmodel
 .bss.subRateThread
                0x200001a4       0x70 ert_main.o
                0x200001a4                subRateThread
 .bss.subratePriority
                0x20000214       0x10 ert_main.o
                0x20000214                subratePriority
 *fill*         0x20000224        0x4 
 .bss.motor_control_B
                0x20000228        0x8 motor_control.o
                0x20000228                motor_control_B
 .bss.motor_control_DW
                0x20000230       0x38 motor_control.o
                0x20000230                motor_control_DW
 .bss.motor_control_M_
                0x20000268       0x10 motor_control.o
 .bss.mw_scheduler_timer_def
                0x20000278       0x20 mw_freertos_init.o
                0x20000278                mw_scheduler_timer_def
 .bss.mw_timer_id
                0x20000298        0x4 mw_freertos_init.o
                0x20000298                mw_timer_id
 .bss.htim1     0x2000029c       0x48 stm32f4xx_hal_timebase_tim.o
                0x2000029c                htim1
 .bss.uwTick    0x200002e4        0x4 stm32f4xx_hal.o
                0x200002e4                uwTick
 .bss.xQueueRegistry
                0x200002e8       0x40 queue.o
                0x200002e8                xQueueRegistry
 .bss.pxCurrentTCB
                0x20000328        0x4 tasks.o
                0x20000328                pxCurrentTCB
 .bss.pxReadyTasksLists
                0x2000032c      0x460 tasks.o
 .bss.xDelayedTaskList1
                0x2000078c       0x14 tasks.o
 .bss.xDelayedTaskList2
                0x200007a0       0x14 tasks.o
 .bss.pxDelayedTaskList
                0x200007b4        0x4 tasks.o
 .bss.pxOverflowDelayedTaskList
                0x200007b8        0x4 tasks.o
 .bss.xPendingReadyList
                0x200007bc       0x14 tasks.o
 .bss.xTasksWaitingTermination
                0x200007d0       0x14 tasks.o
 .bss.uxDeletedTasksWaitingCleanUp
                0x200007e4        0x4 tasks.o
 .bss.xSuspendedTaskList
                0x200007e8       0x14 tasks.o
 .bss.uxCurrentNumberOfTasks
                0x200007fc        0x4 tasks.o
 .bss.xTickCount
                0x20000800        0x4 tasks.o
 .bss.uxTopReadyPriority
                0x20000804        0x4 tasks.o
 .bss.xSchedulerRunning
                0x20000808        0x4 tasks.o
 .bss.xPendedTicks
                0x2000080c        0x4 tasks.o
 .bss.xYieldPending
                0x20000810        0x4 tasks.o
 .bss.xNumOfOverflows
                0x20000814        0x4 tasks.o
 .bss.uxTaskNumber
                0x20000818        0x4 tasks.o
 .bss.xNextTaskUnblockTime
                0x2000081c        0x4 tasks.o
 .bss.xIdleTaskHandle
                0x20000820        0x4 tasks.o
 .bss.uxSchedulerSuspended
                0x20000824        0x4 tasks.o
 .bss.xActiveTimerList1
                0x20000828       0x14 timers.o
 .bss.xActiveTimerList2
                0x2000083c       0x14 timers.o
 .bss.pxCurrentTimerList
                0x20000850        0x4 timers.o
 .bss.pxOverflowTimerList
                0x20000854        0x4 timers.o
 .bss.xTimerQueue
                0x20000858        0x4 timers.o
 .bss.xTimerTaskHandle
                0x2000085c        0x4 timers.o
 .bss.xLastTime.2
                0x20000860        0x4 timers.o
 .bss.ucStaticTimerQueueStorage.1
                0x20000864       0xa0 timers.o
 .bss.xStaticTimerQueue.0
                0x20000904       0x50 timers.o
 *fill*         0x20000954        0x4 
 .bss.Idle_TCB.3
                0x20000958      0x180 cmsis_os2.o
 .bss.Idle_Stack.2
                0x20000ad8      0x200 cmsis_os2.o
 .bss.Timer_TCB.1
                0x20000cd8      0x180 cmsis_os2.o
 .bss.Timer_Stack.0
                0x20000e58      0x400 cmsis_os2.o
 .bss.ucHeap    0x20001258     0x3c00 heap_4.o
 .bss.xStart    0x20004e58        0x8 heap_4.o
 .bss.pxEnd     0x20004e60        0x4 heap_4.o
 .bss.xFreeBytesRemaining
                0x20004e64        0x4 heap_4.o
 .bss.xMinimumEverFreeBytesRemaining
                0x20004e68        0x4 heap_4.o
 .bss.xNumberOfSuccessfulAllocations
                0x20004e6c        0x4 heap_4.o
 .bss.xNumberOfSuccessfulFrees
                0x20004e70        0x4 heap_4.o
 .bss.xBlockAllocatedBit
                0x20004e74        0x4 heap_4.o
 .bss.ucMaxSysCallPriority
                0x20004e78        0x1 port.o
 *fill*         0x20004e79        0x3 
 .bss.ulMaxPRIGROUPValue
                0x20004e7c        0x4 port.o
 .bss.__sf      0x20004e80      0x138 C:/ProgramData/MATLAB/SupportPackages/R2024b/3P.instrset/gnuarm-armcortex.instrset/win/bin/../lib/gcc/arm-none-eabi/13.2.1/thumb/v7e-m+fp/hard\libc_nano.a(libc_a-findfp.o)
                0x20004e80                __sf
 .bss.__lock___malloc_recursive_mutex
                0x20004fb8        0x1 C:/ProgramData/MATLAB/SupportPackages/R2024b/3P.instrset/gnuarm-armcortex.instrset/win/bin/../lib/gcc/arm-none-eabi/13.2.1/thumb/v7e-m+fp/hard\libc_nano.a(libc_a-lock.o)
                0x20004fb8                __lock___malloc_recursive_mutex
 *fill*         0x20004fb9        0x3 
 .bss.__malloc_free_list
                0x20004fbc        0x4 C:/ProgramData/MATLAB/SupportPackages/R2024b/3P.instrset/gnuarm-armcortex.instrset/win/bin/../lib/gcc/arm-none-eabi/13.2.1/thumb/v7e-m+fp/hard\libc_nano.a(libc_a-mallocr.o)
                0x20004fbc                __malloc_free_list
 *(COMMON)
                0x20004fc0                        . = ALIGN (0x4)
                0x20004fc0                        _ebss = .
                0x20004fc0                        __bss_end__ = _ebss

._user_heap_stack
                0x20004fc0      0x600 load address 0x08006fec
                0x20004fc0                        . = ALIGN (0x8)
                [!provide]                        PROVIDE (end = .)
                0x20004fc0                        PROVIDE (_end = .)
                0x200051c0                        . = (. + _Min_Heap_Size)
 *fill*         0x20004fc0      0x200 
                0x200055c0                        . = (. + _Min_Stack_Size)
 *fill*         0x200051c0      0x400 
                0x200055c0                        . = ALIGN (0x8)

/DISCARD/
 libc.a(*)
 libm.a(*)
 libgcc.a(*)

.ARM.attributes
                0x00000000       0x30
 *(.ARM.attributes)
 .ARM.attributes
                0x00000000       0x22 C:/ProgramData/MATLAB/SupportPackages/R2024b/3P.instrset/gnuarm-armcortex.instrset/win/bin/../lib/gcc/arm-none-eabi/13.2.1/thumb/v7e-m+fp/hard/crti.o
 .ARM.attributes
                0x00000022       0x34 C:/ProgramData/MATLAB/SupportPackages/R2024b/3P.instrset/gnuarm-armcortex.instrset/win/bin/../lib/gcc/arm-none-eabi/13.2.1/thumb/v7e-m+fp/hard/crtbegin.o
 .ARM.attributes
                0x00000056       0x34 mw_stm32_nvic.o
 .ARM.attributes
                0x0000008a       0x34 ert_main.o
 .ARM.attributes
                0x000000be       0x34 motor_control.o
 .ARM.attributes
                0x000000f2       0x34 motor_control_data.o
 .ARM.attributes
                0x00000126       0x34 platform_timer.o
 .ARM.attributes
                0x0000015a       0x34 mw_freertos_init.o
 .ARM.attributes
                0x0000018e       0x34 mw_thread.o
 .ARM.attributes
                0x000001c2       0x34 mw_timer.o
 .ARM.attributes
                0x000001f6       0x34 mw_semaphore.o
 .ARM.attributes
                0x0000022a       0x34 main.o
 .ARM.attributes
                0x0000025e       0x34 stm32f4xx_it.o
 .ARM.attributes
                0x00000292       0x34 stm32f4xx_hal_msp.o
 .ARM.attributes
                0x000002c6       0x34 stm32f4xx_hal_timebase_tim.o
 .ARM.attributes
                0x000002fa       0x34 stm32f4xx_ll_gpio.o
 .ARM.attributes
                0x0000032e       0x34 stm32f4xx_ll_rcc.o
 .ARM.attributes
                0x00000362       0x34 stm32f4xx_ll_utils.o
 .ARM.attributes
                0x00000396       0x34 stm32f4xx_ll_exti.o
 .ARM.attributes
                0x000003ca       0x34 stm32f4xx_hal_rcc.o
 .ARM.attributes
                0x000003fe       0x34 stm32f4xx_hal_cortex.o
 .ARM.attributes
                0x00000432       0x34 stm32f4xx_hal.o
 .ARM.attributes
                0x00000466       0x34 stm32f4xx_hal_tim.o
 .ARM.attributes
                0x0000049a       0x34 stm32f4xx_hal_tim_ex.o
 .ARM.attributes
                0x000004ce       0x34 stm32f4xx_ll_usart.o
 .ARM.attributes
                0x00000502       0x34 list.o
 .ARM.attributes
                0x00000536       0x34 queue.o
 .ARM.attributes
                0x0000056a       0x34 tasks.o
 .ARM.attributes
                0x0000059e       0x34 timers.o
 .ARM.attributes
                0x000005d2       0x34 cmsis_os2.o
 .ARM.attributes
                0x00000606       0x34 heap_4.o
 .ARM.attributes
                0x0000063a       0x34 port.o
 .ARM.attributes
                0x0000066e       0x34 system_stm32f4xx.o
 .ARM.attributes
                0x000006a2       0x21 startup_stm32f446retx.o
 .ARM.attributes
                0x000006c3       0x22 C:/ProgramData/MATLAB/SupportPackages/R2024b/3P.instrset/gnuarm-armcortex.instrset/win/bin/../lib/gcc/arm-none-eabi/13.2.1/thumb/v7e-m+fp/hard\libgcc.a(_arm_addsubdf3.o)
 .ARM.attributes
                0x000006e5       0x22 C:/ProgramData/MATLAB/SupportPackages/R2024b/3P.instrset/gnuarm-armcortex.instrset/win/bin/../lib/gcc/arm-none-eabi/13.2.1/thumb/v7e-m+fp/hard\libgcc.a(_arm_cmpdf2.o)
 .ARM.attributes
                0x00000707       0x22 C:/ProgramData/MATLAB/SupportPackages/R2024b/3P.instrset/gnuarm-armcortex.instrset/win/bin/../lib/gcc/arm-none-eabi/13.2.1/thumb/v7e-m+fp/hard\libgcc.a(_arm_fixdfsi.o)
 .ARM.attributes
                0x00000729       0x22 C:/ProgramData/MATLAB/SupportPackages/R2024b/3P.instrset/gnuarm-armcortex.instrset/win/bin/../lib/gcc/arm-none-eabi/13.2.1/thumb/v7e-m+fp/hard\libgcc.a(_aeabi_uldivmod.o)
 .ARM.attributes
                0x0000074b       0x34 C:/ProgramData/MATLAB/SupportPackages/R2024b/3P.instrset/gnuarm-armcortex.instrset/win/bin/../lib/gcc/arm-none-eabi/13.2.1/thumb/v7e-m+fp/hard\libgcc.a(_udivmoddi4.o)
 .ARM.attributes
                0x0000077f       0x22 C:/ProgramData/MATLAB/SupportPackages/R2024b/3P.instrset/gnuarm-armcortex.instrset/win/bin/../lib/gcc/arm-none-eabi/13.2.1/thumb/v7e-m+fp/hard\libgcc.a(_dvmd_tls.o)
 .ARM.attributes
                0x000007a1       0x34 C:/ProgramData/MATLAB/SupportPackages/R2024b/3P.instrset/gnuarm-armcortex.instrset/win/bin/../lib/gcc/arm-none-eabi/13.2.1/thumb/v7e-m+fp/hard\libc_nano.a(libc_a-findfp.o)
 .ARM.attributes
                0x000007d5       0x34 C:/ProgramData/MATLAB/SupportPackages/R2024b/3P.instrset/gnuarm-armcortex.instrset/win/bin/../lib/gcc/arm-none-eabi/13.2.1/thumb/v7e-m+fp/hard\libc_nano.a(libc_a-memset.o)
 .ARM.attributes
                0x00000809       0x34 C:/ProgramData/MATLAB/SupportPackages/R2024b/3P.instrset/gnuarm-armcortex.instrset/win/bin/../lib/gcc/arm-none-eabi/13.2.1/thumb/v7e-m+fp/hard\libc_nano.a(libc_a-reent.o)
 .ARM.attributes
                0x0000083d       0x34 C:/ProgramData/MATLAB/SupportPackages/R2024b/3P.instrset/gnuarm-armcortex.instrset/win/bin/../lib/gcc/arm-none-eabi/13.2.1/thumb/v7e-m+fp/hard\libc_nano.a(libc_a-impure.o)
 .ARM.attributes
                0x00000871       0x34 C:/ProgramData/MATLAB/SupportPackages/R2024b/3P.instrset/gnuarm-armcortex.instrset/win/bin/../lib/gcc/arm-none-eabi/13.2.1/thumb/v7e-m+fp/hard\libc_nano.a(libc_a-init.o)
 .ARM.attributes
                0x000008a5       0x34 C:/ProgramData/MATLAB/SupportPackages/R2024b/3P.instrset/gnuarm-armcortex.instrset/win/bin/../lib/gcc/arm-none-eabi/13.2.1/thumb/v7e-m+fp/hard\libc_nano.a(libc_a-lock.o)
 .ARM.attributes
                0x000008d9       0x34 C:/ProgramData/MATLAB/SupportPackages/R2024b/3P.instrset/gnuarm-armcortex.instrset/win/bin/../lib/gcc/arm-none-eabi/13.2.1/thumb/v7e-m+fp/hard\libc_nano.a(libc_a-memcpy-stub.o)
 .ARM.attributes
                0x0000090d       0x34 C:/ProgramData/MATLAB/SupportPackages/R2024b/3P.instrset/gnuarm-armcortex.instrset/win/bin/../lib/gcc/arm-none-eabi/13.2.1/thumb/v7e-m+fp/hard\libc_nano.a(libc_a-freer.o)
 .ARM.attributes
                0x00000941       0x34 C:/ProgramData/MATLAB/SupportPackages/R2024b/3P.instrset/gnuarm-armcortex.instrset/win/bin/../lib/gcc/arm-none-eabi/13.2.1/thumb/v7e-m+fp/hard\libc_nano.a(libc_a-mallocr.o)
 .ARM.attributes
                0x00000975       0x34 C:/ProgramData/MATLAB/SupportPackages/R2024b/3P.instrset/gnuarm-armcortex.instrset/win/bin/../lib/gcc/arm-none-eabi/13.2.1/thumb/v7e-m+fp/hard\libc_nano.a(libc_a-mlock.o)
 .ARM.attributes
                0x000009a9       0x34 C:/ProgramData/MATLAB/SupportPackages/R2024b/3P.instrset/gnuarm-armcortex.instrset/win/bin/../lib/gcc/arm-none-eabi/13.2.1/thumb/v7e-m+fp/hard/crtend.o
 .ARM.attributes
                0x000009dd       0x22 C:/ProgramData/MATLAB/SupportPackages/R2024b/3P.instrset/gnuarm-armcortex.instrset/win/bin/../lib/gcc/arm-none-eabi/13.2.1/thumb/v7e-m+fp/hard/crtn.o
OUTPUT(../motor_control.elf elf32-littlearm)
LOAD linker stubs
LOAD C:/ProgramData/MATLAB/SupportPackages/R2024b/3P.instrset/gnuarm-armcortex.instrset/win/bin/../lib/gcc/arm-none-eabi/13.2.1/thumb/v7e-m+fp/hard\libc.a
LOAD C:/ProgramData/MATLAB/SupportPackages/R2024b/3P.instrset/gnuarm-armcortex.instrset/win/bin/../lib/gcc/arm-none-eabi/13.2.1/thumb/v7e-m+fp/hard\libm.a
LOAD C:/ProgramData/MATLAB/SupportPackages/R2024b/3P.instrset/gnuarm-armcortex.instrset/win/bin/../lib/gcc/arm-none-eabi/13.2.1/thumb/v7e-m+fp/hard\libgcc.a

.comment        0x00000000       0x44
 .comment       0x00000000       0x44 mw_stm32_nvic.o
                                 0x45 (size before relaxing)
 .comment       0x00000044       0x45 ert_main.o
 .comment       0x00000044       0x45 motor_control.o
 .comment       0x00000044       0x45 motor_control_data.o
 .comment       0x00000044       0x45 platform_timer.o
 .comment       0x00000044       0x45 mw_freertos_init.o
 .comment       0x00000044       0x45 mw_thread.o
 .comment       0x00000044       0x45 mw_timer.o
 .comment       0x00000044       0x45 mw_semaphore.o
 .comment       0x00000044       0x45 main.o
 .comment       0x00000044       0x45 stm32f4xx_it.o
 .comment       0x00000044       0x45 stm32f4xx_hal_msp.o
 .comment       0x00000044       0x45 stm32f4xx_hal_timebase_tim.o
 .comment       0x00000044       0x45 stm32f4xx_ll_gpio.o
 .comment       0x00000044       0x45 stm32f4xx_ll_rcc.o
 .comment       0x00000044       0x45 stm32f4xx_ll_utils.o
 .comment       0x00000044       0x45 stm32f4xx_ll_exti.o
 .comment       0x00000044       0x45 stm32f4xx_hal_rcc.o
 .comment       0x00000044       0x45 stm32f4xx_hal_cortex.o
 .comment       0x00000044       0x45 stm32f4xx_hal.o
 .comment       0x00000044       0x45 stm32f4xx_hal_tim.o
 .comment       0x00000044       0x45 stm32f4xx_hal_tim_ex.o
 .comment       0x00000044       0x45 stm32f4xx_ll_usart.o
 .comment       0x00000044       0x45 list.o
 .comment       0x00000044       0x45 queue.o
 .comment       0x00000044       0x45 tasks.o
 .comment       0x00000044       0x45 timers.o
 .comment       0x00000044       0x45 cmsis_os2.o
 .comment       0x00000044       0x45 heap_4.o
 .comment       0x00000044       0x45 port.o
 .comment       0x00000044       0x45 system_stm32f4xx.o

.debug_line_str
                0x00000000       0xe2
 .debug_line_str
                0x00000000       0xe2 C:/ProgramData/MATLAB/SupportPackages/R2024b/3P.instrset/gnuarm-armcortex.instrset/win/bin/../lib/gcc/arm-none-eabi/13.2.1/thumb/v7e-m+fp/hard\libgcc.a(_arm_addsubdf3.o)
                                 0xce (size before relaxing)
 .debug_line_str
                0x000000e2       0xce C:/ProgramData/MATLAB/SupportPackages/R2024b/3P.instrset/gnuarm-armcortex.instrset/win/bin/../lib/gcc/arm-none-eabi/13.2.1/thumb/v7e-m+fp/hard\libgcc.a(_arm_cmpdf2.o)
 .debug_line_str
                0x000000e2       0xce C:/ProgramData/MATLAB/SupportPackages/R2024b/3P.instrset/gnuarm-armcortex.instrset/win/bin/../lib/gcc/arm-none-eabi/13.2.1/thumb/v7e-m+fp/hard\libgcc.a(_arm_fixdfsi.o)
 .debug_line_str
                0x000000e2       0xc9 C:/ProgramData/MATLAB/SupportPackages/R2024b/3P.instrset/gnuarm-armcortex.instrset/win/bin/../lib/gcc/arm-none-eabi/13.2.1/thumb/v7e-m+fp/hard\libgcc.a(_aeabi_uldivmod.o)
 .debug_line_str
                0x000000e2       0xcd C:/ProgramData/MATLAB/SupportPackages/R2024b/3P.instrset/gnuarm-armcortex.instrset/win/bin/../lib/gcc/arm-none-eabi/13.2.1/thumb/v7e-m+fp/hard\libgcc.a(_dvmd_tls.o)

.debug_frame    0x00000000      0x54c
 .debug_frame   0x00000000       0xac C:/ProgramData/MATLAB/SupportPackages/R2024b/3P.instrset/gnuarm-armcortex.instrset/win/bin/../lib/gcc/arm-none-eabi/13.2.1/thumb/v7e-m+fp/hard\libgcc.a(_arm_addsubdf3.o)
 .debug_frame   0x000000ac       0xc4 C:/ProgramData/MATLAB/SupportPackages/R2024b/3P.instrset/gnuarm-armcortex.instrset/win/bin/../lib/gcc/arm-none-eabi/13.2.1/thumb/v7e-m+fp/hard\libgcc.a(_arm_cmpdf2.o)
 .debug_frame   0x00000170       0x24 C:/ProgramData/MATLAB/SupportPackages/R2024b/3P.instrset/gnuarm-armcortex.instrset/win/bin/../lib/gcc/arm-none-eabi/13.2.1/thumb/v7e-m+fp/hard\libgcc.a(_arm_fixdfsi.o)
 .debug_frame   0x00000194       0x2c C:/ProgramData/MATLAB/SupportPackages/R2024b/3P.instrset/gnuarm-armcortex.instrset/win/bin/../lib/gcc/arm-none-eabi/13.2.1/thumb/v7e-m+fp/hard\libgcc.a(_aeabi_uldivmod.o)
 .debug_frame   0x000001c0       0x34 C:/ProgramData/MATLAB/SupportPackages/R2024b/3P.instrset/gnuarm-armcortex.instrset/win/bin/../lib/gcc/arm-none-eabi/13.2.1/thumb/v7e-m+fp/hard\libgcc.a(_udivmoddi4.o)
 .debug_frame   0x000001f4      0x144 C:/ProgramData/MATLAB/SupportPackages/R2024b/3P.instrset/gnuarm-armcortex.instrset/win/bin/../lib/gcc/arm-none-eabi/13.2.1/thumb/v7e-m+fp/hard\libc_nano.a(libc_a-findfp.o)
 .debug_frame   0x00000338       0x20 C:/ProgramData/MATLAB/SupportPackages/R2024b/3P.instrset/gnuarm-armcortex.instrset/win/bin/../lib/gcc/arm-none-eabi/13.2.1/thumb/v7e-m+fp/hard\libc_nano.a(libc_a-memset.o)
 .debug_frame   0x00000358       0x38 C:/ProgramData/MATLAB/SupportPackages/R2024b/3P.instrset/gnuarm-armcortex.instrset/win/bin/../lib/gcc/arm-none-eabi/13.2.1/thumb/v7e-m+fp/hard\libc_nano.a(libc_a-reent.o)
 .debug_frame   0x00000390       0x2c C:/ProgramData/MATLAB/SupportPackages/R2024b/3P.instrset/gnuarm-armcortex.instrset/win/bin/../lib/gcc/arm-none-eabi/13.2.1/thumb/v7e-m+fp/hard\libc_nano.a(libc_a-init.o)
 .debug_frame   0x000003bc       0xb0 C:/ProgramData/MATLAB/SupportPackages/R2024b/3P.instrset/gnuarm-armcortex.instrset/win/bin/../lib/gcc/arm-none-eabi/13.2.1/thumb/v7e-m+fp/hard\libc_nano.a(libc_a-lock.o)
 .debug_frame   0x0000046c       0x28 C:/ProgramData/MATLAB/SupportPackages/R2024b/3P.instrset/gnuarm-armcortex.instrset/win/bin/../lib/gcc/arm-none-eabi/13.2.1/thumb/v7e-m+fp/hard\libc_nano.a(libc_a-memcpy-stub.o)
 .debug_frame   0x00000494       0x38 C:/ProgramData/MATLAB/SupportPackages/R2024b/3P.instrset/gnuarm-armcortex.instrset/win/bin/../lib/gcc/arm-none-eabi/13.2.1/thumb/v7e-m+fp/hard\libc_nano.a(libc_a-freer.o)
 .debug_frame   0x000004cc       0x50 C:/ProgramData/MATLAB/SupportPackages/R2024b/3P.instrset/gnuarm-armcortex.instrset/win/bin/../lib/gcc/arm-none-eabi/13.2.1/thumb/v7e-m+fp/hard\libc_nano.a(libc_a-mallocr.o)
 .debug_frame   0x0000051c       0x30 C:/ProgramData/MATLAB/SupportPackages/R2024b/3P.instrset/gnuarm-armcortex.instrset/win/bin/../lib/gcc/arm-none-eabi/13.2.1/thumb/v7e-m+fp/hard\libc_nano.a(libc_a-mlock.o)
